Archive member included because of file (symbol)

c:/program files (x86)/atmel/atmel toolchain/avr8 gcc/native/3.4.1061/avr8-gnu-toolchain/bin/../lib/gcc/avr/4.8.1/avr5\libgcc.a(_exit.o)
                              c:/program files (x86)/atmel/atmel toolchain/avr8 gcc/native/3.4.1061/avr8-gnu-toolchain/bin/../lib/gcc/avr/4.8.1/../../../../avr/lib/avr5/crtm640.o (exit)
c:/program files (x86)/atmel/atmel toolchain/avr8 gcc/native/3.4.1061/avr8-gnu-toolchain/bin/../lib/gcc/avr/4.8.1/avr5\libgcc.a(_copy_data.o)
                              Routines/Blinker.o (__do_copy_data)
c:/program files (x86)/atmel/atmel toolchain/avr8 gcc/native/3.4.1061/avr8-gnu-toolchain/bin/../lib/gcc/avr/4.8.1/avr5\libgcc.a(_clear_bss.o)
                              RTOS/Source/Portable/MemMang/heap_1.o (__do_clear_bss)
c:/program files (x86)/atmel/atmel toolchain/avr8 gcc/native/3.4.1061/avr8-gnu-toolchain/bin/../lib/gcc/avr/4.8.1/../../../../avr/lib/avr5\libc.a(memcpy.o)
                              RTOS/Source/queue.o (memcpy)

Discarded input sections

 .data          0x00000000        0x0 c:/program files (x86)/atmel/atmel toolchain/avr8 gcc/native/3.4.1061/avr8-gnu-toolchain/bin/../lib/gcc/avr/4.8.1/../../../../avr/lib/avr5/crtm640.o
 .bss           0x00000000        0x0 c:/program files (x86)/atmel/atmel toolchain/avr8 gcc/native/3.4.1061/avr8-gnu-toolchain/bin/../lib/gcc/avr/4.8.1/../../../../avr/lib/avr5/crtm640.o
 .text          0x00000000        0x0 main.o
 .data          0x00000000        0x0 main.o
 .bss           0x00000000        0x0 main.o
 .text          0x00000000        0x0 Routines/Blinker.o
 .data          0x00000000        0x0 Routines/Blinker.o
 .bss           0x00000000        0x0 Routines/Blinker.o
 .text          0x00000000        0x0 RTOS/Source/list.o
 .data          0x00000000        0x0 RTOS/Source/list.o
 .bss           0x00000000        0x0 RTOS/Source/list.o
 .text          0x00000000        0x0 RTOS/Source/Portable/MemMang/heap_1.o
 .data          0x00000000        0x0 RTOS/Source/Portable/MemMang/heap_1.o
 .bss           0x00000000        0x0 RTOS/Source/Portable/MemMang/heap_1.o
 .text.vPortInitialiseBlocks
                0x00000000       0x16 RTOS/Source/Portable/MemMang/heap_1.o
 .text.xPortGetFreeHeapSize
                0x00000000       0x22 RTOS/Source/Portable/MemMang/heap_1.o
 .text          0x00000000        0x0 RTOS/Source/Portable/port.o
 .data          0x00000000        0x0 RTOS/Source/Portable/port.o
 .bss           0x00000000        0x0 RTOS/Source/Portable/port.o
 .text.vPortEndScheduler
                0x00000000        0xe RTOS/Source/Portable/port.o
 .text          0x00000000        0x0 RTOS/Source/queue.o
 .data          0x00000000        0x0 RTOS/Source/queue.o
 .bss           0x00000000        0x0 RTOS/Source/queue.o
 .text.xQueueGenericReset
                0x00000000      0x124 RTOS/Source/queue.o
 .text.xQueueGenericCreate
                0x00000000       0xce RTOS/Source/queue.o
 .text.xQueueGenericSend
                0x00000000      0x164 RTOS/Source/queue.o
 .text.xQueueGenericSendFromISR
                0x00000000       0xc0 RTOS/Source/queue.o
 .text.xQueueGiveFromISR
                0x00000000       0xb8 RTOS/Source/queue.o
 .text.xQueueGenericReceive
                0x00000000      0x19e RTOS/Source/queue.o
 .text.xQueueReceiveFromISR
                0x00000000       0xc2 RTOS/Source/queue.o
 .text.xQueuePeekFromISR
                0x00000000       0x78 RTOS/Source/queue.o
 .text.uxQueueMessagesWaiting
                0x00000000       0x32 RTOS/Source/queue.o
 .text.uxQueueSpacesAvailable
                0x00000000       0x4e RTOS/Source/queue.o
 .text.uxQueueMessagesWaitingFromISR
                0x00000000       0x28 RTOS/Source/queue.o
 .text.vQueueDelete
                0x00000000       0x2e RTOS/Source/queue.o
 .text.prvCopyDataToQueue
                0x00000000      0x180 RTOS/Source/queue.o
 .text.prvCopyDataFromQueue
                0x00000000       0xa0 RTOS/Source/queue.o
 .text.prvUnlockQueue
                0x00000000       0xc8 RTOS/Source/queue.o
 .text.prvIsQueueEmpty
                0x00000000       0x3c RTOS/Source/queue.o
 .text.xQueueIsQueueEmptyFromISR
                0x00000000       0x32 RTOS/Source/queue.o
 .text.prvIsQueueFull
                0x00000000       0x44 RTOS/Source/queue.o
 .text.xQueueIsQueueFullFromISR
                0x00000000       0x3a RTOS/Source/queue.o
 .debug_info    0x00000000      0x9bd RTOS/Source/queue.o
 .debug_abbrev  0x00000000      0x179 RTOS/Source/queue.o
 .debug_loc     0x00000000      0x551 RTOS/Source/queue.o
 .debug_aranges
                0x00000000       0xb0 RTOS/Source/queue.o
 .debug_ranges  0x00000000       0xa0 RTOS/Source/queue.o
 .debug_line    0x00000000      0x464 RTOS/Source/queue.o
 .debug_str     0x00000000      0x5ed RTOS/Source/queue.o
 .comment       0x00000000       0x31 RTOS/Source/queue.o
 .debug_frame   0x00000000      0x274 RTOS/Source/queue.o
 .text          0x00000000        0x0 RTOS/Source/tasks.o
 .data          0x00000000        0x0 RTOS/Source/tasks.o
 .bss           0x00000000        0x0 RTOS/Source/tasks.o
 .text.vTaskDelete
                0x00000000       0xb6 RTOS/Source/tasks.o
 .text.vTaskDelayUntil
                0x00000000       0xf2 RTOS/Source/tasks.o
 .text.vTaskEndScheduler
                0x00000000       0x18 RTOS/Source/tasks.o
 .text.xTaskGetTickCount
                0x00000000       0x2e RTOS/Source/tasks.o
 .text.xTaskGetTickCountFromISR
                0x00000000       0x2a RTOS/Source/tasks.o
 .text.uxTaskGetNumberOfTasks
                0x00000000       0x12 RTOS/Source/tasks.o
 .text.vTaskPlaceOnEventList
                0x00000000       0x6a RTOS/Source/tasks.o
 .text.vTaskPlaceOnUnorderedEventList
                0x00000000       0x88 RTOS/Source/tasks.o
 .text.xTaskRemoveFromEventList
                0x00000000       0xda RTOS/Source/tasks.o
 .text.xTaskRemoveFromUnorderedEventList
                0x00000000       0xd6 RTOS/Source/tasks.o
 .text.vTaskSetTimeOutState
                0x00000000       0x36 RTOS/Source/tasks.o
 .text.xTaskCheckForTimeOut
                0x00000000       0xd0 RTOS/Source/tasks.o
 .text.vTaskMissedYield
                0x00000000       0x14 RTOS/Source/tasks.o
 .text.uxTaskResetEventItemValue
                0x00000000       0x54 RTOS/Source/tasks.o
 .text.ulTaskNotifyTake
                0x00000000      0x11c RTOS/Source/tasks.o
 .text.xTaskNotifyWait
                0x00000000      0x16c RTOS/Source/tasks.o
 .text.xTaskNotify
                0x00000000      0x196 RTOS/Source/tasks.o
 .text.xTaskNotifyFromISR
                0x00000000      0x1c4 RTOS/Source/tasks.o
 .text.vTaskNotifyGiveFromISR
                0x00000000      0x112 RTOS/Source/tasks.o
 .text          0x00000000        0x0 c:/program files (x86)/atmel/atmel toolchain/avr8 gcc/native/3.4.1061/avr8-gnu-toolchain/bin/../lib/gcc/avr/4.8.1/avr5\libgcc.a(_exit.o)
 .data          0x00000000        0x0 c:/program files (x86)/atmel/atmel toolchain/avr8 gcc/native/3.4.1061/avr8-gnu-toolchain/bin/../lib/gcc/avr/4.8.1/avr5\libgcc.a(_exit.o)
 .bss           0x00000000        0x0 c:/program files (x86)/atmel/atmel toolchain/avr8 gcc/native/3.4.1061/avr8-gnu-toolchain/bin/../lib/gcc/avr/4.8.1/avr5\libgcc.a(_exit.o)
 .text.libgcc.mul
                0x00000000        0x0 c:/program files (x86)/atmel/atmel toolchain/avr8 gcc/native/3.4.1061/avr8-gnu-toolchain/bin/../lib/gcc/avr/4.8.1/avr5\libgcc.a(_exit.o)
 .text.libgcc.div
                0x00000000        0x0 c:/program files (x86)/atmel/atmel toolchain/avr8 gcc/native/3.4.1061/avr8-gnu-toolchain/bin/../lib/gcc/avr/4.8.1/avr5\libgcc.a(_exit.o)
 .text.libgcc   0x00000000        0x0 c:/program files (x86)/atmel/atmel toolchain/avr8 gcc/native/3.4.1061/avr8-gnu-toolchain/bin/../lib/gcc/avr/4.8.1/avr5\libgcc.a(_exit.o)
 .text.libgcc.prologue
                0x00000000        0x0 c:/program files (x86)/atmel/atmel toolchain/avr8 gcc/native/3.4.1061/avr8-gnu-toolchain/bin/../lib/gcc/avr/4.8.1/avr5\libgcc.a(_exit.o)
 .text.libgcc.builtins
                0x00000000        0x0 c:/program files (x86)/atmel/atmel toolchain/avr8 gcc/native/3.4.1061/avr8-gnu-toolchain/bin/../lib/gcc/avr/4.8.1/avr5\libgcc.a(_exit.o)
 .text.libgcc.fmul
                0x00000000        0x0 c:/program files (x86)/atmel/atmel toolchain/avr8 gcc/native/3.4.1061/avr8-gnu-toolchain/bin/../lib/gcc/avr/4.8.1/avr5\libgcc.a(_exit.o)
 .text.libgcc.fixed
                0x00000000        0x0 c:/program files (x86)/atmel/atmel toolchain/avr8 gcc/native/3.4.1061/avr8-gnu-toolchain/bin/../lib/gcc/avr/4.8.1/avr5\libgcc.a(_exit.o)
 .text          0x00000000        0x0 c:/program files (x86)/atmel/atmel toolchain/avr8 gcc/native/3.4.1061/avr8-gnu-toolchain/bin/../lib/gcc/avr/4.8.1/avr5\libgcc.a(_copy_data.o)
 .data          0x00000000        0x0 c:/program files (x86)/atmel/atmel toolchain/avr8 gcc/native/3.4.1061/avr8-gnu-toolchain/bin/../lib/gcc/avr/4.8.1/avr5\libgcc.a(_copy_data.o)
 .bss           0x00000000        0x0 c:/program files (x86)/atmel/atmel toolchain/avr8 gcc/native/3.4.1061/avr8-gnu-toolchain/bin/../lib/gcc/avr/4.8.1/avr5\libgcc.a(_copy_data.o)
 .text.libgcc.mul
                0x00000000        0x0 c:/program files (x86)/atmel/atmel toolchain/avr8 gcc/native/3.4.1061/avr8-gnu-toolchain/bin/../lib/gcc/avr/4.8.1/avr5\libgcc.a(_copy_data.o)
 .text.libgcc.div
                0x00000000        0x0 c:/program files (x86)/atmel/atmel toolchain/avr8 gcc/native/3.4.1061/avr8-gnu-toolchain/bin/../lib/gcc/avr/4.8.1/avr5\libgcc.a(_copy_data.o)
 .text.libgcc   0x00000000        0x0 c:/program files (x86)/atmel/atmel toolchain/avr8 gcc/native/3.4.1061/avr8-gnu-toolchain/bin/../lib/gcc/avr/4.8.1/avr5\libgcc.a(_copy_data.o)
 .text.libgcc.prologue
                0x00000000        0x0 c:/program files (x86)/atmel/atmel toolchain/avr8 gcc/native/3.4.1061/avr8-gnu-toolchain/bin/../lib/gcc/avr/4.8.1/avr5\libgcc.a(_copy_data.o)
 .text.libgcc.builtins
                0x00000000        0x0 c:/program files (x86)/atmel/atmel toolchain/avr8 gcc/native/3.4.1061/avr8-gnu-toolchain/bin/../lib/gcc/avr/4.8.1/avr5\libgcc.a(_copy_data.o)
 .text.libgcc.fmul
                0x00000000        0x0 c:/program files (x86)/atmel/atmel toolchain/avr8 gcc/native/3.4.1061/avr8-gnu-toolchain/bin/../lib/gcc/avr/4.8.1/avr5\libgcc.a(_copy_data.o)
 .text.libgcc.fixed
                0x00000000        0x0 c:/program files (x86)/atmel/atmel toolchain/avr8 gcc/native/3.4.1061/avr8-gnu-toolchain/bin/../lib/gcc/avr/4.8.1/avr5\libgcc.a(_copy_data.o)
 .text          0x00000000        0x0 c:/program files (x86)/atmel/atmel toolchain/avr8 gcc/native/3.4.1061/avr8-gnu-toolchain/bin/../lib/gcc/avr/4.8.1/avr5\libgcc.a(_clear_bss.o)
 .data          0x00000000        0x0 c:/program files (x86)/atmel/atmel toolchain/avr8 gcc/native/3.4.1061/avr8-gnu-toolchain/bin/../lib/gcc/avr/4.8.1/avr5\libgcc.a(_clear_bss.o)
 .bss           0x00000000        0x0 c:/program files (x86)/atmel/atmel toolchain/avr8 gcc/native/3.4.1061/avr8-gnu-toolchain/bin/../lib/gcc/avr/4.8.1/avr5\libgcc.a(_clear_bss.o)
 .text.libgcc.mul
                0x00000000        0x0 c:/program files (x86)/atmel/atmel toolchain/avr8 gcc/native/3.4.1061/avr8-gnu-toolchain/bin/../lib/gcc/avr/4.8.1/avr5\libgcc.a(_clear_bss.o)
 .text.libgcc.div
                0x00000000        0x0 c:/program files (x86)/atmel/atmel toolchain/avr8 gcc/native/3.4.1061/avr8-gnu-toolchain/bin/../lib/gcc/avr/4.8.1/avr5\libgcc.a(_clear_bss.o)
 .text.libgcc   0x00000000        0x0 c:/program files (x86)/atmel/atmel toolchain/avr8 gcc/native/3.4.1061/avr8-gnu-toolchain/bin/../lib/gcc/avr/4.8.1/avr5\libgcc.a(_clear_bss.o)
 .text.libgcc.prologue
                0x00000000        0x0 c:/program files (x86)/atmel/atmel toolchain/avr8 gcc/native/3.4.1061/avr8-gnu-toolchain/bin/../lib/gcc/avr/4.8.1/avr5\libgcc.a(_clear_bss.o)
 .text.libgcc.builtins
                0x00000000        0x0 c:/program files (x86)/atmel/atmel toolchain/avr8 gcc/native/3.4.1061/avr8-gnu-toolchain/bin/../lib/gcc/avr/4.8.1/avr5\libgcc.a(_clear_bss.o)
 .text.libgcc.fmul
                0x00000000        0x0 c:/program files (x86)/atmel/atmel toolchain/avr8 gcc/native/3.4.1061/avr8-gnu-toolchain/bin/../lib/gcc/avr/4.8.1/avr5\libgcc.a(_clear_bss.o)
 .text.libgcc.fixed
                0x00000000        0x0 c:/program files (x86)/atmel/atmel toolchain/avr8 gcc/native/3.4.1061/avr8-gnu-toolchain/bin/../lib/gcc/avr/4.8.1/avr5\libgcc.a(_clear_bss.o)
 .text          0x00000000        0x0 c:/program files (x86)/atmel/atmel toolchain/avr8 gcc/native/3.4.1061/avr8-gnu-toolchain/bin/../lib/gcc/avr/4.8.1/../../../../avr/lib/avr5\libc.a(memcpy.o)
 .data          0x00000000        0x0 c:/program files (x86)/atmel/atmel toolchain/avr8 gcc/native/3.4.1061/avr8-gnu-toolchain/bin/../lib/gcc/avr/4.8.1/../../../../avr/lib/avr5\libc.a(memcpy.o)
 .bss           0x00000000        0x0 c:/program files (x86)/atmel/atmel toolchain/avr8 gcc/native/3.4.1061/avr8-gnu-toolchain/bin/../lib/gcc/avr/4.8.1/../../../../avr/lib/avr5\libc.a(memcpy.o)
 .text.avr-libc
                0x00000000       0x12 c:/program files (x86)/atmel/atmel toolchain/avr8 gcc/native/3.4.1061/avr8-gnu-toolchain/bin/../lib/gcc/avr/4.8.1/../../../../avr/lib/avr5\libc.a(memcpy.o)

Memory Configuration

Name             Origin             Length             Attributes
text             0x00000000         0x00020000         xr
data             0x00800060         0x0000ffa0         rw !x
eeprom           0x00810000         0x00010000         rw !x
fuse             0x00820000         0x00000400         rw !x
lock             0x00830000         0x00000400         rw !x
signature        0x00840000         0x00000400         rw !x
user_signatures  0x00850000         0x00000400         rw !x
*default*        0x00000000         0xffffffff

Linker script and memory map

Address of section .data set to 0x800200
LOAD c:/program files (x86)/atmel/atmel toolchain/avr8 gcc/native/3.4.1061/avr8-gnu-toolchain/bin/../lib/gcc/avr/4.8.1/../../../../avr/lib/avr5/crtm640.o
LOAD main.o
LOAD Routines/Blinker.o
LOAD RTOS/Source/list.o
LOAD RTOS/Source/Portable/MemMang/heap_1.o
LOAD RTOS/Source/Portable/port.o
LOAD RTOS/Source/queue.o
LOAD RTOS/Source/tasks.o
START GROUP
LOAD c:/program files (x86)/atmel/atmel toolchain/avr8 gcc/native/3.4.1061/avr8-gnu-toolchain/bin/../lib/gcc/avr/4.8.1/../../../../avr/lib/avr5\libm.a
END GROUP
START GROUP
LOAD c:/program files (x86)/atmel/atmel toolchain/avr8 gcc/native/3.4.1061/avr8-gnu-toolchain/bin/../lib/gcc/avr/4.8.1/avr5\libgcc.a
LOAD c:/program files (x86)/atmel/atmel toolchain/avr8 gcc/native/3.4.1061/avr8-gnu-toolchain/bin/../lib/gcc/avr/4.8.1/../../../../avr/lib/avr5\libm.a
LOAD c:/program files (x86)/atmel/atmel toolchain/avr8 gcc/native/3.4.1061/avr8-gnu-toolchain/bin/../lib/gcc/avr/4.8.1/../../../../avr/lib/avr5\libc.a
END GROUP

.hash
 *(.hash)

.dynsym
 *(.dynsym)

.dynstr
 *(.dynstr)

.gnu.version
 *(.gnu.version)

.gnu.version_d
 *(.gnu.version_d)

.gnu.version_r
 *(.gnu.version_r)

.rel.init
 *(.rel.init)

.rela.init
 *(.rela.init)

.rel.text
 *(.rel.text)
 *(.rel.text.*)
 *(.rel.gnu.linkonce.t*)

.rela.text
 *(.rela.text)
 *(.rela.text.*)
 *(.rela.gnu.linkonce.t*)

.rel.fini
 *(.rel.fini)

.rela.fini
 *(.rela.fini)

.rel.rodata
 *(.rel.rodata)
 *(.rel.rodata.*)
 *(.rel.gnu.linkonce.r*)

.rela.rodata
 *(.rela.rodata)
 *(.rela.rodata.*)
 *(.rela.gnu.linkonce.r*)

.rel.data
 *(.rel.data)
 *(.rel.data.*)
 *(.rel.gnu.linkonce.d*)

.rela.data
 *(.rela.data)
 *(.rela.data.*)
 *(.rela.gnu.linkonce.d*)

.rel.ctors
 *(.rel.ctors)

.rela.ctors
 *(.rela.ctors)

.rel.dtors
 *(.rel.dtors)

.rela.dtors
 *(.rela.dtors)

.rel.got
 *(.rel.got)

.rela.got
 *(.rela.got)

.rel.bss
 *(.rel.bss)

.rela.bss
 *(.rela.bss)

.rel.plt
 *(.rel.plt)

.rela.plt
 *(.rela.plt)

.text           0x00000000     0x1546
 *(.vectors)
 .vectors       0x00000000       0xe4 c:/program files (x86)/atmel/atmel toolchain/avr8 gcc/native/3.4.1061/avr8-gnu-toolchain/bin/../lib/gcc/avr/4.8.1/../../../../avr/lib/avr5/crtm640.o
                0x00000000                __vector_default
                0x00000000                __vectors
 *(.vectors)
 *(.progmem.gcc*)
                0x000000e4                . = ALIGN (0x2)
                0x000000e4                __trampolines_start = .
 *(.trampolines)
 .trampolines   0x000000e4        0x0 linker stubs
 *(.trampolines*)
                0x000000e4                __trampolines_end = .
 *(.progmem*)
                0x000000e4                . = ALIGN (0x2)
 *(.jumptables)
 *(.jumptables*)
 *(.lowtext)
 *(.lowtext*)
                0x000000e4                __ctors_start = .
 *(.ctors)
                0x000000e4                __ctors_end = .
                0x000000e4                __dtors_start = .
 *(.dtors)
                0x000000e4                __dtors_end = .
 SORT(*)(.ctors)
 SORT(*)(.dtors)
 *(.init0)
 .init0         0x000000e4        0x0 c:/program files (x86)/atmel/atmel toolchain/avr8 gcc/native/3.4.1061/avr8-gnu-toolchain/bin/../lib/gcc/avr/4.8.1/../../../../avr/lib/avr5/crtm640.o
                0x000000e4                __init
 *(.init0)
 *(.init1)
 *(.init1)
 *(.init2)
 .init2         0x000000e4        0xc c:/program files (x86)/atmel/atmel toolchain/avr8 gcc/native/3.4.1061/avr8-gnu-toolchain/bin/../lib/gcc/avr/4.8.1/../../../../avr/lib/avr5/crtm640.o
 *(.init2)
 *(.init3)
 *(.init3)
 *(.init4)
 .init4         0x000000f0       0x16 c:/program files (x86)/atmel/atmel toolchain/avr8 gcc/native/3.4.1061/avr8-gnu-toolchain/bin/../lib/gcc/avr/4.8.1/avr5\libgcc.a(_copy_data.o)
                0x000000f0                __do_copy_data
 .init4         0x00000106       0x10 c:/program files (x86)/atmel/atmel toolchain/avr8 gcc/native/3.4.1061/avr8-gnu-toolchain/bin/../lib/gcc/avr/4.8.1/avr5\libgcc.a(_clear_bss.o)
                0x00000106                __do_clear_bss
 *(.init4)
 *(.init5)
 *(.init5)
 *(.init6)
 *(.init6)
 *(.init7)
 *(.init7)
 *(.init8)
 *(.init8)
 *(.init9)
 .init9         0x00000116        0x8 c:/program files (x86)/atmel/atmel toolchain/avr8 gcc/native/3.4.1061/avr8-gnu-toolchain/bin/../lib/gcc/avr/4.8.1/../../../../avr/lib/avr5/crtm640.o
 *(.init9)
 *(.text)
 .text          0x0000011e        0x4 c:/program files (x86)/atmel/atmel toolchain/avr8 gcc/native/3.4.1061/avr8-gnu-toolchain/bin/../lib/gcc/avr/4.8.1/../../../../avr/lib/avr5/crtm640.o
                0x0000011e                __vector_38
                0x0000011e                __vector_22
                0x0000011e                __vector_28
                0x0000011e                __vector_1
                0x0000011e                __vector_32
                0x0000011e                __vector_34
                0x0000011e                __vector_24
                0x0000011e                __vector_12
                0x0000011e                __vector_55
                0x0000011e                __vector_46
                0x0000011e                __bad_interrupt
                0x0000011e                __vector_6
                0x0000011e                __vector_31
                0x0000011e                __vector_35
                0x0000011e                __vector_39
                0x0000011e                __vector_3
                0x0000011e                __vector_23
                0x0000011e                __vector_30
                0x0000011e                __vector_45
                0x0000011e                __vector_25
                0x0000011e                __vector_11
                0x0000011e                __vector_54
                0x0000011e                __vector_13
                0x0000011e                __vector_17
                0x0000011e                __vector_19
                0x0000011e                __vector_56
                0x0000011e                __vector_7
                0x0000011e                __vector_49
                0x0000011e                __vector_41
                0x0000011e                __vector_43
                0x0000011e                __vector_27
                0x0000011e                __vector_5
                0x0000011e                __vector_33
                0x0000011e                __vector_47
                0x0000011e                __vector_52
                0x0000011e                __vector_37
                0x0000011e                __vector_4
                0x0000011e                __vector_44
                0x0000011e                __vector_51
                0x0000011e                __vector_9
                0x0000011e                __vector_2
                0x0000011e                __vector_15
                0x0000011e                __vector_36
                0x0000011e                __vector_29
                0x0000011e                __vector_40
                0x0000011e                __vector_8
                0x0000011e                __vector_26
                0x0000011e                __vector_48
                0x0000011e                __vector_14
                0x0000011e                __vector_53
                0x0000011e                __vector_10
                0x0000011e                __vector_50
                0x0000011e                __vector_16
                0x0000011e                __vector_18
                0x0000011e                __vector_20
                0x0000011e                __vector_42
                0x00000122                . = ALIGN (0x2)
 *(.text.*)
 .text.main     0x00000122       0x1e main.o
                0x00000122                main
 .text.prvIncrementResetCount
                0x00000140        0xe main.o
 .text.vApplicationIdleHook
                0x0000014e        0xe main.o
                0x0000014e                vApplicationIdleHook
 .text.blinkerSetup
                0x0000015c       0x70 Routines/Blinker.o
                0x0000015c                blinkerSetup
 .text.vBlinker
                0x000001cc       0x2a Routines/Blinker.o
                0x000001cc                vBlinker
 .text.vListInitialise
                0x000001f6       0x6a RTOS/Source/list.o
                0x000001f6                vListInitialise
 .text.vListInitialiseItem
                0x00000260       0x22 RTOS/Source/list.o
                0x00000260                vListInitialiseItem
 .text.vListInsertEnd
                0x00000282       0x9c RTOS/Source/list.o
                0x00000282                vListInsertEnd
 .text.vListInsert
                0x0000031e       0xf2 RTOS/Source/list.o
                0x0000031e                vListInsert
 .text.uxListRemove
                0x00000410       0xae RTOS/Source/list.o
                0x00000410                uxListRemove
 .text.pvPortMalloc
                0x000004be       0xac RTOS/Source/Portable/MemMang/heap_1.o
                0x000004be                pvPortMalloc
 .text.vPortFree
                0x0000056a       0x18 RTOS/Source/Portable/MemMang/heap_1.o
                0x0000056a                vPortFree
 .text.pxPortInitialiseStack
                0x00000582      0x352 RTOS/Source/Portable/port.o
                0x00000582                pxPortInitialiseStack
 .text.xPortStartScheduler
                0x000008d4       0x6a RTOS/Source/Portable/port.o
                0x000008d4                xPortStartScheduler
 .text.vPortYield
                0x0000093e       0xb2 RTOS/Source/Portable/port.o
                0x0000093e                vPortYield
 .text.vPortYieldFromTick
                0x000009f0       0xba RTOS/Source/Portable/port.o
                0x000009f0                vPortYieldFromTick
 .text.prvSetupTimerInterrupt
                0x00000aaa       0x3e RTOS/Source/Portable/port.o
 .text.xTaskGenericCreate
                0x00000ae8      0x1cc RTOS/Source/tasks.o
                0x00000ae8                xTaskGenericCreate
 .text.vTaskDelay
                0x00000cb4       0x6a RTOS/Source/tasks.o
                0x00000cb4                vTaskDelay
 .text.vTaskStartScheduler
                0x00000d1e       0x6c RTOS/Source/tasks.o
                0x00000d1e                vTaskStartScheduler
 .text.vTaskSuspendAll
                0x00000d8a       0x18 RTOS/Source/tasks.o
                0x00000d8a                vTaskSuspendAll
 .text.xTaskResumeAll
                0x00000da2      0x11c RTOS/Source/tasks.o
                0x00000da2                xTaskResumeAll
 .text.xTaskIncrementTick
                0x00000ebe      0x1dc RTOS/Source/tasks.o
                0x00000ebe                xTaskIncrementTick
 .text.vTaskSwitchContext
                0x0000109a       0xde RTOS/Source/tasks.o
                0x0000109a                vTaskSwitchContext
 .text.prvIdleTask
                0x00001178       0x24 RTOS/Source/tasks.o
 .text.prvInitialiseTCBVariables
                0x0000119c      0x108 RTOS/Source/tasks.o
 .text.prvInitialiseTaskLists
                0x000012a4       0x7a RTOS/Source/tasks.o
 .text.prvCheckTasksWaitingTermination
                0x0000131e       0x80 RTOS/Source/tasks.o
 .text.prvAddCurrentTaskToDelayedList
                0x0000139e       0x94 RTOS/Source/tasks.o
 .text.prvAllocateTCBAndStack
                0x00001432       0x86 RTOS/Source/tasks.o
 .text.prvDeleteTCB
                0x000014b8       0x2e RTOS/Source/tasks.o
 .text.prvResetNextTaskUnblockTime
                0x000014e6       0x5c RTOS/Source/tasks.o
                0x00001542                . = ALIGN (0x2)
 *(.fini9)
 .fini9         0x00001542        0x0 c:/program files (x86)/atmel/atmel toolchain/avr8 gcc/native/3.4.1061/avr8-gnu-toolchain/bin/../lib/gcc/avr/4.8.1/avr5\libgcc.a(_exit.o)
                0x00001542                _exit
                0x00001542                exit
 *(.fini9)
 *(.fini8)
 *(.fini8)
 *(.fini7)
 *(.fini7)
 *(.fini6)
 *(.fini6)
 *(.fini5)
 *(.fini5)
 *(.fini4)
 *(.fini4)
 *(.fini3)
 *(.fini3)
 *(.fini2)
 *(.fini2)
 *(.fini1)
 *(.fini1)
 *(.fini0)
 .fini0         0x00001542        0x4 c:/program files (x86)/atmel/atmel toolchain/avr8 gcc/native/3.4.1061/avr8-gnu-toolchain/bin/../lib/gcc/avr/4.8.1/avr5\libgcc.a(_exit.o)
 *(.fini0)
                0x00001546                _etext = .

.isr            0x00001546        0x6
 .isr           0x00001546        0x6 RTOS/Source/Portable/port.o
                0x00001546                __vector_21

.data           0x00800200        0xe load address 0x0000154c
                0x00800200                PROVIDE (__data_start, .)
 *(.data)
 *(.data*)
 .data.blinkerRate
                0x00800200        0x2 Routines/Blinker.o
                0x00800200                blinkerRate
 .data.xNextTaskUnblockTime
                0x00800202        0x2 RTOS/Source/tasks.o
 *(.rodata)
 .rodata        0x00800204        0x5 Routines/Blinker.o
 .rodata        0x00800209        0x5 RTOS/Source/tasks.o
 *(.rodata*)
 *(.gnu.linkonce.d*)
                0x0080020e                . = ALIGN (0x2)
                0x0080020e                _edata = .
                0x0080020e                PROVIDE (__data_end, .)

.bss            0x0080020e      0x85d
                0x0080020e                PROVIDE (__bss_start, .)
 *(.bss)
 *(.bss*)
 .bss.ucHeap    0x0080020e      0x800 RTOS/Source/Portable/MemMang/heap_1.o
 .bss.xNextFreeByte
                0x00800a0e        0x2 RTOS/Source/Portable/MemMang/heap_1.o
 .bss.pucAlignedHeap.1866
                0x00800a10        0x2 RTOS/Source/Portable/MemMang/heap_1.o
 .bss.pxCurrentTCB
                0x00800a12        0x2 RTOS/Source/tasks.o
                0x00800a12                pxCurrentTCB
 .bss.pxReadyTasksLists
                0x00800a14       0x24 RTOS/Source/tasks.o
 .bss.xDelayedTaskList1
                0x00800a38        0x9 RTOS/Source/tasks.o
 .bss.xDelayedTaskList2
                0x00800a41        0x9 RTOS/Source/tasks.o
 .bss.pxDelayedTaskList
                0x00800a4a        0x2 RTOS/Source/tasks.o
 .bss.pxOverflowDelayedTaskList
                0x00800a4c        0x2 RTOS/Source/tasks.o
 .bss.xPendingReadyList
                0x00800a4e        0x9 RTOS/Source/tasks.o
 .bss.xTasksWaitingTermination
                0x00800a57        0x9 RTOS/Source/tasks.o
 .bss.uxTasksDeleted
                0x00800a60        0x1 RTOS/Source/tasks.o
 .bss.uxCurrentNumberOfTasks
                0x00800a61        0x1 RTOS/Source/tasks.o
 .bss.xTickCount
                0x00800a62        0x2 RTOS/Source/tasks.o
 .bss.uxTopReadyPriority
                0x00800a64        0x1 RTOS/Source/tasks.o
 .bss.xSchedulerRunning
                0x00800a65        0x1 RTOS/Source/tasks.o
 .bss.uxPendedTicks
                0x00800a66        0x1 RTOS/Source/tasks.o
 .bss.xYieldPending
                0x00800a67        0x1 RTOS/Source/tasks.o
 .bss.xNumOfOverflows
                0x00800a68        0x1 RTOS/Source/tasks.o
 .bss.uxTaskNumber
                0x00800a69        0x1 RTOS/Source/tasks.o
 .bss.uxSchedulerSuspended
                0x00800a6a        0x1 RTOS/Source/tasks.o
 *(COMMON)
                0x00800a6b                PROVIDE (__bss_end, .)
                0x0000154c                __data_load_start = LOADADDR (.data)
                0x0000155a                __data_load_end = (__data_load_start + SIZEOF (.data))

.noinit         0x00800a6b        0x0
                0x00800a6b                PROVIDE (__noinit_start, .)
 *(.noinit*)
                0x00800a6b                PROVIDE (__noinit_end, .)
                0x00800a6b                _end = .
                0x00800a6b                PROVIDE (__heap_start, .)

.eeprom         0x00810000        0x0
 *(.eeprom*)
                0x00810000                __eeprom_end = .

.fuse
 *(.fuse)
 *(.lfuse)
 *(.hfuse)
 *(.efuse)

.lock
 *(.lock*)

.signature
 *(.signature*)

.user_signatures
 *(.user_signatures*)

.stab
 *(.stab)

.stabstr
 *(.stabstr)

.stab.excl
 *(.stab.excl)

.stab.exclstr
 *(.stab.exclstr)

.stab.index
 *(.stab.index)

.stab.indexstr
 *(.stab.indexstr)

.comment        0x00000000       0x30
 *(.comment)
 .comment       0x00000000       0x30 main.o
                                 0x31 (size before relaxing)
 .comment       0x00000000       0x31 Routines/Blinker.o
 .comment       0x00000000       0x31 RTOS/Source/list.o
 .comment       0x00000000       0x31 RTOS/Source/Portable/MemMang/heap_1.o
 .comment       0x00000000       0x31 RTOS/Source/Portable/port.o
 .comment       0x00000000       0x31 RTOS/Source/tasks.o

.note.gnu.build-id
 *(.note.gnu.build-id)

.debug
 *(.debug)

.line
 *(.line)

.debug_srcinfo
 *(.debug_srcinfo)

.debug_sfnames
 *(.debug_sfnames)

.debug_aranges  0x00000000      0x248
 *(.debug_aranges)
 .debug_aranges
                0x00000000       0x30 main.o
 .debug_aranges
                0x00000030       0x28 Routines/Blinker.o
 .debug_aranges
                0x00000058       0x40 RTOS/Source/list.o
 .debug_aranges
                0x00000098       0x38 RTOS/Source/Portable/MemMang/heap_1.o
 .debug_aranges
                0x000000d0       0x50 RTOS/Source/Portable/port.o
 .debug_aranges
                0x00000120      0x128 RTOS/Source/tasks.o

.debug_pubnames
 *(.debug_pubnames)

.debug_info     0x00000000     0x16b6
 *(.debug_info .gnu.linkonce.wi.*)
 .debug_info    0x00000000       0xb5 main.o
 .debug_info    0x000000b5       0xcf Routines/Blinker.o
 .debug_info    0x00000184      0x2a9 RTOS/Source/list.o
 .debug_info    0x0000042d      0x170 RTOS/Source/Portable/MemMang/heap_1.o
 .debug_info    0x0000059d      0x1a5 RTOS/Source/Portable/port.o
 .debug_info    0x00000742      0xf74 RTOS/Source/tasks.o

.debug_abbrev   0x00000000      0x594
 *(.debug_abbrev)
 .debug_abbrev  0x00000000       0x74 main.o
 .debug_abbrev  0x00000074       0x62 Routines/Blinker.o
 .debug_abbrev  0x000000d6       0xc0 RTOS/Source/list.o
 .debug_abbrev  0x00000196       0xf0 RTOS/Source/Portable/MemMang/heap_1.o
 .debug_abbrev  0x00000286       0xf3 RTOS/Source/Portable/port.o
 .debug_abbrev  0x00000379      0x21b RTOS/Source/tasks.o

.debug_line     0x00000000      0xcf1
 *(.debug_line .debug_line.* .debug_line_end)
 .debug_line    0x00000000       0x60 main.o
 .debug_line    0x00000060       0xfc Routines/Blinker.o
 .debug_line    0x0000015c      0x172 RTOS/Source/list.o
 .debug_line    0x000002ce      0x193 RTOS/Source/Portable/MemMang/heap_1.o
 .debug_line    0x00000461      0x1ca RTOS/Source/Portable/port.o
 .debug_line    0x0000062b      0x6c6 RTOS/Source/tasks.o

.debug_frame    0x00000000      0x7c0
 *(.debug_frame)
 .debug_frame   0x00000000       0x74 main.o
 .debug_frame   0x00000074       0x74 Routines/Blinker.o
 .debug_frame   0x000000e8       0xb4 RTOS/Source/list.o
 .debug_frame   0x0000019c       0x94 RTOS/Source/Portable/MemMang/heap_1.o
 .debug_frame   0x00000230       0xc4 RTOS/Source/Portable/port.o
 .debug_frame   0x000002f4      0x4cc RTOS/Source/tasks.o

.debug_str      0x00000000      0xc49
 *(.debug_str)
 .debug_str     0x00000000      0x160 main.o
                                0x199 (size before relaxing)
 .debug_str     0x00000160       0x54 Routines/Blinker.o
                                0x1b0 (size before relaxing)
 .debug_str     0x000001b4      0x13f RTOS/Source/list.o
                                0x2ac (size before relaxing)
 .debug_str     0x000002f3       0xab RTOS/Source/Portable/MemMang/heap_1.o
                                0x218 (size before relaxing)
 .debug_str     0x0000039e       0xe2 RTOS/Source/Portable/port.o
                                0x25a (size before relaxing)
 .debug_str     0x00000480      0x7c9 RTOS/Source/tasks.o
                                0xa6c (size before relaxing)

.debug_loc      0x00000000      0xf61
 *(.debug_loc)
 .debug_loc     0x00000000       0xb1 main.o
 .debug_loc     0x000000b1       0xd1 Routines/Blinker.o
 .debug_loc     0x00000182      0x167 RTOS/Source/list.o
 .debug_loc     0x000002e9      0x106 RTOS/Source/Portable/MemMang/heap_1.o
 .debug_loc     0x000003ef       0xf8 RTOS/Source/Portable/port.o
 .debug_loc     0x000004e7      0xa7a RTOS/Source/tasks.o

.debug_macinfo
 *(.debug_macinfo)

.debug_weaknames
 *(.debug_weaknames)

.debug_funcnames
 *(.debug_funcnames)

.debug_typenames
 *(.debug_typenames)

.debug_varnames
 *(.debug_varnames)

.debug_pubtypes
 *(.debug_pubtypes)

.debug_ranges   0x00000000      0x200
 *(.debug_ranges)
 .debug_ranges  0x00000000       0x20 main.o
 .debug_ranges  0x00000020       0x18 Routines/Blinker.o
 .debug_ranges  0x00000038       0x30 RTOS/Source/list.o
 .debug_ranges  0x00000068       0x28 RTOS/Source/Portable/MemMang/heap_1.o
 .debug_ranges  0x00000090       0x40 RTOS/Source/Portable/port.o
 .debug_ranges  0x000000d0      0x130 RTOS/Source/tasks.o

.debug_macro
 *(.debug_macro)
OUTPUT(Atmega640_RTOSa.elf elf32-avr)
LOAD linker stubs
